// Jest Snapshot v1, https://goo.gl/fbAQLP

exports[`ProductList Component should render return null if products is undefiend 1`] = `
<div
  className="py-5"
>
  <div
    className="container"
  >
    <div
      className="row"
    >
      <div
        className="col-10 mx-auto my-2 text-center"
      >
        <h1
          className="text-capitalize font-weight-bold"
        >
          our
        </h1>
        <h3
          className="text-capitalize font-weight-bold"
        >
          products
        </h3>
      </div>
    </div>
    <div
      className="row"
    />
  </div>
</div>
`;
