// Jest Snapshot v1, https://goo.gl/fbAQLP

exports[`Product Component should render return null if props is undefiend 1`] = `
<div
  className="sc-AxjAm gmElYc col-9 mx-auto col-md-6 col-lg-3 my-3"
>
  <div
    className="card"
  >
    <div
      className="img-container p-5"
      onClick={[Function]}
    >
      <Link
        to="/details"
      >
        <img
          alt="phone"
          className="card-img-top mb-3"
        />
      </Link>
      <button
        className="cart-btn"
        disabled={false}
        onClick={[Function]}
      >
        <i
          className="fas fa-cart-plus"
        />
      </button>
    </div>
    <div
      className="card-footer d-flex justify-content-between"
    >
      <p
        className="align-self-center mb-0"
      />
      <h5
        className="text-blue font-italic mb-0"
      >
        $
      </h5>
    </div>
  </div>
</div>
`;
