// Jest Snapshot v1, https://goo.gl/fbAQLP

exports[`CartList component should reder null if cart is undefined 1`] = `null`;
