// Jest Snapshot v1, https://goo.gl/fbAQLP

exports[`CartItem component should reder null if item or data are undefined 1`] = `null`;