// Jest Snapshot v1, https://goo.gl/fbAQLP

exports[`Cart component should render 1`] = `null`;
