// Jest Snapshot v1, https://goo.gl/fbAQLP

exports[`CartTotal component should reder null if data is undefined 1`] = `null`;
